SET unique_checks=0;
SET FOREIGN_KEY_CHECKS=0;
DROP TABLE IF EXISTS `failed_jobs`;
CREATE TABLE failed_jobs (id INTEGER PRIMARY KEY AUTOINCREMENT NOT NULL, uuid VARCHAR(255) NOT NULL COLLATE "BINARY", connection CLOB NOT NULL COLLATE "BINARY", queue CLOB NOT NULL COLLATE "BINARY", payload CLOB NOT NULL COLLATE "BINARY", exception CLOB NOT NULL COLLATE "BINARY", failed_at DATETIME DEFAULT CURRENT_TIMESTAMP NOT NULL);CREATE UNIQUE INDEX failed_jobs_uuid_unique ON failed_jobs (uuid);
LOCK TABLES `failed_jobs` WRITE;
ALTER TABLE `failed_jobs` DISABLE KEYS;
ALTER TABLE `failed_jobs` ENABLE KEYS;
UNLOCK TABLES;
DROP TABLE IF EXISTS `migrations`;
CREATE TABLE migrations (id INTEGER PRIMARY KEY AUTOINCREMENT NOT NULL, migration VARCHAR(255) NOT NULL COLLATE "BINARY", batch INTEGER NOT NULL);
LOCK TABLES `migrations` WRITE;
ALTER TABLE `migrations` DISABLE KEYS;
INSERT INTO `migrations` (`id`, `migration`, `batch`) VALUES ('1', '2014_10_12_000000_testbench_create_users_table', '1');
INSERT INTO `migrations` (`id`, `migration`, `batch`) VALUES ('2', '2014_10_12_100000_testbench_create_password_reset_tokens_table', '1');
INSERT INTO `migrations` (`id`, `migration`, `batch`) VALUES ('3', '2019_08_19_000000_testbench_create_failed_jobs_table', '1');
ALTER TABLE `migrations` ENABLE KEYS;
UNLOCK TABLES;
DROP TABLE IF EXISTS `password_reset_tokens`;
CREATE TABLE password_reset_tokens (email VARCHAR(255) NOT NULL COLLATE "BINARY", token VARCHAR(255) NOT NULL COLLATE "BINARY", created_at DATETIME DEFAULT NULL, PRIMARY KEY(email));
LOCK TABLES `password_reset_tokens` WRITE;
ALTER TABLE `password_reset_tokens` DISABLE KEYS;
ALTER TABLE `password_reset_tokens` ENABLE KEYS;
UNLOCK TABLES;
DROP TABLE IF EXISTS `users`;
CREATE TABLE users (id INTEGER PRIMARY KEY AUTOINCREMENT NOT NULL, name VARCHAR(255) NOT NULL COLLATE "BINARY", email VARCHAR(255) NOT NULL COLLATE "BINARY", email_verified_at DATETIME DEFAULT NULL, password VARCHAR(255) NOT NULL COLLATE "BINARY", remember_token VARCHAR(255) DEFAULT NULL COLLATE "BINARY", created_at DATETIME DEFAULT NULL, updated_at DATETIME DEFAULT NULL);CREATE UNIQUE INDEX users_email_unique ON users (email);
LOCK TABLES `users` WRITE;
ALTER TABLE `users` DISABLE KEYS;
INSERT INTO `users` (`id`, `name`, `email`, `email_verified_at`, `password`, `remember_token`, `created_at`, `updated_at`) VALUES ('1', 'Marcel', 'monty93@example.net', NULL, 'test', NULL, '2021-01-01 00:00:00', '2021-01-01 00:00:00');
ALTER TABLE `users` ENABLE KEYS;
UNLOCK TABLES;
SET unique_checks=1;
SET FOREIGN_KEY_CHECKS=1;
